ERROR:t01.c:2: identifier global is already declared
