ERROR:t02.c:1: invalid type (void) for variable declaration
