ERROR:t03.c:2: prototype 'print' parameter number mismatch
