ERROR:t04.c:2: prototype 'print' return type mistmatch
