ERROR:t06.c:3: function 'func' identifier already defined as variable
