ERROR:t07.c:3: function 'print' parameter list mismatch with prototype
